// Jest Snapshot v1, https://goo.gl/fbAQLP

exports[`renders correctly 1`] = `
<form
  onSubmit={[Function]}
>
  <span>
    test
  </span>
</form>
`;

exports[`renders simple bootstrap form 1`] = `
<form
  onSubmit={[Function]}
>
  <div
    class="form-group"
  >
    <label
      for="exampleInputEmail1"
    >
      Email address
    </label>
    <input
      aria-describedby="emailHelp"
      class="form-control"
      id="exampleInputEmail1"
      placeholder="Enter email"
      type="email"
    />
    <small
      class="form-text text-muted"
      id="emailHelp"
    >
      We'll never share your email with anyone else.
    </small>
  </div>
  <div
    class="form-group"
  >
    <label
      for="exampleInputPassword1"
    >
      Password
    </label>
    <input
      class="form-control"
      id="exampleInputPassword1"
      placeholder="Password"
      type="password"
    />
  </div>
  <div
    class="form-group form-check"
  >
    <input
      class="form-check-input"
      id="exampleCheck1"
      type="checkbox"
    />
    <label
      class="form-check-label"
      for="exampleCheck1"
    >
      Check me out
    </label>
  </div>
  <button
    class="btn btn-primary"
    disabled={false}
    onClick={[Function]}
    type="submit"
  >
    Submit
  </button>
</form>
`;
